2025/02/03 18:19:09 [error] [exception.CDbException] CDbException: The table "User" for active record class "User" cannot be found in the database. in /var/www/html/WebRoot/vendor/yiisoft/yii/framework/db/ar/CActiveRecord.php:2390
Stack trace:
#0 /var/www/html/WebRoot/vendor/yiisoft/yii/framework/db/ar/CActiveRecord.php(413): CActiveRecordMetaData->__construct(Object(User))
#1 /var/www/html/WebRoot/vendor/yiisoft/yii/framework/db/ar/CActiveRecord.php(138): CActiveRecord->getMetaData()
#2 /var/www/html/WebRoot/vendor/yiisoft/yii/framework/gii/generators/crud/CrudCode.php(66): CActiveRecord->__get('tableSchema')
#3 /var/www/html/WebRoot/vendor/yiisoft/yii/framework/validators/CInlineValidator.php(42): CrudCode->validateModel('model', Array)
#4 /var/www/html/WebRoot/vendor/yiisoft/yii/framework/validators/CValidator.php(201): CInlineValidator->validateAttribute(Object(CrudCode), 'model')
#5 /var/www/html/WebRoot/vendor/yiisoft/yii/framework/base/CModel.php(159): CValidator->validate(Object(CrudCode), Array)
#6 /var/www/html/WebRoot/vendor/yiisoft/yii/framework/gii/CCodeGenerator.php(159): CModel->validate()
#7 /var/www/html/WebRoot/vendor/yiisoft/yii/framework/gii/CCodeGenerator.php(63): CCodeGenerator->prepare()
#8 /var/www/html/WebRoot/vendor/yiisoft/yii/framework/web/actions/CInlineAction.php(49): CCodeGenerator->actionIndex()
#9 /var/www/html/WebRoot/vendor/yiisoft/yii/framework/web/CController.php(308): CInlineAction->runWithParams(Array)
#10 /var/www/html/WebRoot/vendor/yiisoft/yii/framework/web/CController.php(286): CController->runAction(Object(CInlineAction))
#11 /var/www/html/WebRoot/vendor/yiisoft/yii/framework/web/CController.php(265): CController->runActionWithFilters(Object(CInlineAction), Array)
#12 /var/www/html/WebRoot/vendor/yiisoft/yii/framework/web/CWebApplication.php(282): CController->run('index')
#13 /var/www/html/WebRoot/vendor/yiisoft/yii/framework/web/CWebApplication.php(141): CWebApplication->runController('gii/crud/index')
#14 /var/www/html/WebRoot/vendor/yiisoft/yii/framework/base/CApplication.php(185): CWebApplication->processRequest()
#15 /var/www/html/WebRoot/app/index.php(13): CApplication->run()
#16 {main}
REQUEST_URI=/index.php?r=gii/crud/index
HTTP_REFERER=http://localhost:9000/index.php?r=gii/crud/index
---
2025/02/04 11:16:45 [error] [exception.ParseError] ParseError: syntax error, unexpected '<', expecting end of file in /var/www/html/WebRoot/app/protected/views/user/index.php:5
Stack trace:
#0 /var/www/html/WebRoot/vendor/yiisoft/yii/framework/web/CBaseController.php(95): CBaseController->renderInternal('/var/www/html/W...', Array, true)
#1 /var/www/html/WebRoot/vendor/yiisoft/yii/framework/web/CController.php(872): CBaseController->renderFile('/var/www/html/W...', Array, true)
#2 /var/www/html/WebRoot/vendor/yiisoft/yii/framework/web/CController.php(785): CController->renderPartial('index', Array, true)
#3 /var/www/html/WebRoot/app/protected/controllers/UserController.php(127): CController->render('index', Array)
#4 /var/www/html/WebRoot/vendor/yiisoft/yii/framework/web/actions/CInlineAction.php(49): UserController->actionIndex()
#5 /var/www/html/WebRoot/vendor/yiisoft/yii/framework/web/CController.php(308): CInlineAction->runWithParams(Array)
#6 /var/www/html/WebRoot/vendor/yiisoft/yii/framework/web/filters/CFilterChain.php(134): CController->runAction(Object(CInlineAction))
#7 /var/www/html/WebRoot/vendor/yiisoft/yii/framework/web/filters/CFilter.php(40): CFilterChain->run()
#8 /var/www/html/WebRoot/vendor/yiisoft/yii/framework/web/CController.php(1148): CFilter->filter(Object(CFilterChain))
#9 /var/www/html/WebRoot/vendor/yiisoft/yii/framework/web/filters/CInlineFilter.php(58): CController->filterAccessControl(Object(CFilterChain))
#10 /var/www/html/WebRoot/vendor/yiisoft/yii/framework/web/filters/CFilterChain.php(131): CInlineFilter->filter(Object(CFilterChain))
#11 /var/www/html/WebRoot/vendor/yiisoft/yii/framework/web/CController.php(291): CFilterChain->run()
#12 /var/www/html/WebRoot/vendor/yiisoft/yii/framework/web/CController.php(265): CController->runActionWithFilters(Object(CInlineAction), Array)
#13 /var/www/html/WebRoot/vendor/yiisoft/yii/framework/web/CWebApplication.php(282): CController->run('')
#14 /var/www/html/WebRoot/vendor/yiisoft/yii/framework/web/CWebApplication.php(141): CWebApplication->runController('user')
#15 /var/www/html/WebRoot/vendor/yiisoft/yii/framework/base/CApplication.php(185): CWebApplication->processRequest()
#16 /var/www/html/WebRoot/app/index.php(13): CApplication->run()
#17 {main}
REQUEST_URI=/index.php?r=user
---
2025/02/04 11:17:57 [error] [exception.CException] CException: CActiveDataProvider and its behaviors do not have a method or closure named "getModels". in /var/www/html/WebRoot/vendor/yiisoft/yii/framework/base/CComponent.php:266
Stack trace:
#0 /var/www/html/WebRoot/app/protected/controllers/UserController.php(127): CComponent->__call('getModels', Array)
#1 /var/www/html/WebRoot/vendor/yiisoft/yii/framework/web/actions/CInlineAction.php(49): UserController->actionIndex()
#2 /var/www/html/WebRoot/vendor/yiisoft/yii/framework/web/CController.php(308): CInlineAction->runWithParams(Array)
#3 /var/www/html/WebRoot/vendor/yiisoft/yii/framework/web/filters/CFilterChain.php(134): CController->runAction(Object(CInlineAction))
#4 /var/www/html/WebRoot/vendor/yiisoft/yii/framework/web/filters/CFilter.php(40): CFilterChain->run()
#5 /var/www/html/WebRoot/vendor/yiisoft/yii/framework/web/CController.php(1148): CFilter->filter(Object(CFilterChain))
#6 /var/www/html/WebRoot/vendor/yiisoft/yii/framework/web/filters/CInlineFilter.php(58): CController->filterAccessControl(Object(CFilterChain))
#7 /var/www/html/WebRoot/vendor/yiisoft/yii/framework/web/filters/CFilterChain.php(131): CInlineFilter->filter(Object(CFilterChain))
#8 /var/www/html/WebRoot/vendor/yiisoft/yii/framework/web/CController.php(291): CFilterChain->run()
#9 /var/www/html/WebRoot/vendor/yiisoft/yii/framework/web/CController.php(265): CController->runActionWithFilters(Object(CInlineAction), Array)
#10 /var/www/html/WebRoot/vendor/yiisoft/yii/framework/web/CWebApplication.php(282): CController->run('')
#11 /var/www/html/WebRoot/vendor/yiisoft/yii/framework/web/CWebApplication.php(141): CWebApplication->runController('user')
#12 /var/www/html/WebRoot/vendor/yiisoft/yii/framework/base/CApplication.php(185): CWebApplication->processRequest()
#13 /var/www/html/WebRoot/app/index.php(13): CApplication->run()
#14 {main}
REQUEST_URI=/index.php?r=user
---
2025/02/04 11:40:42 [error] [exception.CHttpException.400] CHttpException: Your request is invalid. in /var/www/html/WebRoot/vendor/yiisoft/yii/framework/web/CController.php:337
Stack trace:
#0 /var/www/html/WebRoot/vendor/yiisoft/yii/framework/web/CController.php(309): CController->invalidActionParams(Object(CInlineAction))
#1 /var/www/html/WebRoot/vendor/yiisoft/yii/framework/web/filters/CFilterChain.php(134): CController->runAction(Object(CInlineAction))
#2 /var/www/html/WebRoot/vendor/yiisoft/yii/framework/web/filters/CFilter.php(40): CFilterChain->run()
#3 /var/www/html/WebRoot/vendor/yiisoft/yii/framework/web/CController.php(1148): CFilter->filter(Object(CFilterChain))
#4 /var/www/html/WebRoot/vendor/yiisoft/yii/framework/web/filters/CInlineFilter.php(58): CController->filterAccessControl(Object(CFilterChain))
#5 /var/www/html/WebRoot/vendor/yiisoft/yii/framework/web/filters/CFilterChain.php(131): CInlineFilter->filter(Object(CFilterChain))
#6 /var/www/html/WebRoot/vendor/yiisoft/yii/framework/web/CController.php(291): CFilterChain->run()
#7 /var/www/html/WebRoot/vendor/yiisoft/yii/framework/web/CController.php(265): CController->runActionWithFilters(Object(CInlineAction), Array)
#8 /var/www/html/WebRoot/vendor/yiisoft/yii/framework/web/CWebApplication.php(282): CController->run('view')
#9 /var/www/html/WebRoot/vendor/yiisoft/yii/framework/web/CWebApplication.php(141): CWebApplication->runController('user/view')
#10 /var/www/html/WebRoot/vendor/yiisoft/yii/framework/base/CApplication.php(185): CWebApplication->processRequest()
#11 /var/www/html/WebRoot/app/index.php(13): CApplication->run()
#12 {main}
REQUEST_URI=/index.php?r=user/view
---
2025/02/04 11:40:54 [error] [exception.CHttpException.400] CHttpException: Your request is invalid. in /var/www/html/WebRoot/vendor/yiisoft/yii/framework/web/CController.php:337
Stack trace:
#0 /var/www/html/WebRoot/vendor/yiisoft/yii/framework/web/CController.php(309): CController->invalidActionParams(Object(CInlineAction))
#1 /var/www/html/WebRoot/vendor/yiisoft/yii/framework/web/filters/CFilterChain.php(134): CController->runAction(Object(CInlineAction))
#2 /var/www/html/WebRoot/vendor/yiisoft/yii/framework/web/filters/CFilter.php(40): CFilterChain->run()
#3 /var/www/html/WebRoot/vendor/yiisoft/yii/framework/web/CController.php(1148): CFilter->filter(Object(CFilterChain))
#4 /var/www/html/WebRoot/vendor/yiisoft/yii/framework/web/filters/CInlineFilter.php(58): CController->filterAccessControl(Object(CFilterChain))
#5 /var/www/html/WebRoot/vendor/yiisoft/yii/framework/web/filters/CFilterChain.php(131): CInlineFilter->filter(Object(CFilterChain))
#6 /var/www/html/WebRoot/vendor/yiisoft/yii/framework/web/CController.php(291): CFilterChain->run()
#7 /var/www/html/WebRoot/vendor/yiisoft/yii/framework/web/CController.php(265): CController->runActionWithFilters(Object(CInlineAction), Array)
#8 /var/www/html/WebRoot/vendor/yiisoft/yii/framework/web/CWebApplication.php(282): CController->run('view')
#9 /var/www/html/WebRoot/vendor/yiisoft/yii/framework/web/CWebApplication.php(141): CWebApplication->runController('user/view')
#10 /var/www/html/WebRoot/vendor/yiisoft/yii/framework/base/CApplication.php(185): CWebApplication->processRequest()
#11 /var/www/html/WebRoot/app/index.php(13): CApplication->run()
#12 {main}
REQUEST_URI=/index.php?r=user/view
---
2025/02/05 18:07:15 [error] [exception.CHttpException.404] CHttpException: The system is unable to find the requested action "about". in /var/www/html/WebRoot/vendor/yiisoft/yii/framework/web/CController.php:486
Stack trace:
#0 /var/www/html/WebRoot/vendor/yiisoft/yii/framework/web/CController.php(270): CController->missingAction('about')
#1 /var/www/html/WebRoot/vendor/yiisoft/yii/framework/web/CWebApplication.php(282): CController->run('about')
#2 /var/www/html/WebRoot/vendor/yiisoft/yii/framework/web/CWebApplication.php(141): CWebApplication->runController('site/about')
#3 /var/www/html/WebRoot/vendor/yiisoft/yii/framework/base/CApplication.php(185): CWebApplication->processRequest()
#4 /var/www/html/WebRoot/app/index.php(13): CApplication->run()
#5 {main}
REQUEST_URI=/index.php?r=site/about
---
2025/02/05 18:08:24 [error] [php] A non-numeric value encountered (/var/www/html/WebRoot/app/protected/views/layouts/main.php:27)
Stack trace:
#0 /var/www/html/WebRoot/vendor/yiisoft/yii/framework/web/widgets/CContentDecorator.php(76): SiteController->renderFile()
#1 /var/www/html/WebRoot/vendor/yiisoft/yii/framework/web/widgets/CContentDecorator.php(54): CContentDecorator->decorate()
#2 /var/www/html/WebRoot/vendor/yiisoft/yii/framework/web/widgets/COutputProcessor.php(44): CContentDecorator->processOutput()
#3 /var/www/html/WebRoot/vendor/yiisoft/yii/framework/web/CBaseController.php(215): CContentDecorator->run()
#4 /var/www/html/WebRoot/vendor/yiisoft/yii/framework/web/CBaseController.php(309): SiteController->endWidget()
#5 /var/www/html/WebRoot/app/protected/views/layouts/column1.php(6): SiteController->endContent()
#6 /var/www/html/WebRoot/vendor/yiisoft/yii/framework/web/CBaseController.php(126): require()
#7 /var/www/html/WebRoot/vendor/yiisoft/yii/framework/web/CBaseController.php(95): SiteController->renderInternal()
#8 /var/www/html/WebRoot/vendor/yiisoft/yii/framework/web/CController.php(787): SiteController->renderFile()
#9 /var/www/html/WebRoot/app/protected/controllers/SiteController.php(70): SiteController->render()
#10 /var/www/html/WebRoot/vendor/yiisoft/yii/framework/web/actions/CInlineAction.php(49): SiteController->actionContact()
#11 /var/www/html/WebRoot/vendor/yiisoft/yii/framework/web/CController.php(308): CInlineAction->runWithParams()
#12 /var/www/html/WebRoot/vendor/yiisoft/yii/framework/web/CController.php(286): SiteController->runAction()
#13 /var/www/html/WebRoot/vendor/yiisoft/yii/framework/web/CController.php(265): SiteController->runActionWithFilters()
#14 /var/www/html/WebRoot/vendor/yiisoft/yii/framework/web/CWebApplication.php(282): SiteController->run()
#15 /var/www/html/WebRoot/vendor/yiisoft/yii/framework/web/CWebApplication.php(141): CWebApplication->runController()
#16 /var/www/html/WebRoot/vendor/yiisoft/yii/framework/base/CApplication.php(185): CWebApplication->processRequest()
#17 /var/www/html/WebRoot/app/index.php(13): CWebApplication->run()
REQUEST_URI=/index.php?r=site/contact
in /var/www/html/WebRoot/app/protected/views/layouts/main.php (27)
in /var/www/html/WebRoot/app/protected/views/layouts/column1.php (6)
in /var/www/html/WebRoot/app/protected/controllers/SiteController.php (70)
2025/02/05 18:08:27 [error] [php] A non-numeric value encountered (/var/www/html/WebRoot/app/protected/views/layouts/main.php:27)
Stack trace:
#0 /var/www/html/WebRoot/vendor/yiisoft/yii/framework/web/widgets/CContentDecorator.php(76): SiteController->renderFile()
#1 /var/www/html/WebRoot/vendor/yiisoft/yii/framework/web/widgets/CContentDecorator.php(54): CContentDecorator->decorate()
#2 /var/www/html/WebRoot/vendor/yiisoft/yii/framework/web/widgets/COutputProcessor.php(44): CContentDecorator->processOutput()
#3 /var/www/html/WebRoot/vendor/yiisoft/yii/framework/web/CBaseController.php(215): CContentDecorator->run()
#4 /var/www/html/WebRoot/vendor/yiisoft/yii/framework/web/CBaseController.php(309): SiteController->endWidget()
#5 /var/www/html/WebRoot/app/protected/views/layouts/column1.php(6): SiteController->endContent()
#6 /var/www/html/WebRoot/vendor/yiisoft/yii/framework/web/CBaseController.php(126): require()
#7 /var/www/html/WebRoot/vendor/yiisoft/yii/framework/web/CBaseController.php(95): SiteController->renderInternal()
#8 /var/www/html/WebRoot/vendor/yiisoft/yii/framework/web/CController.php(787): SiteController->renderFile()
#9 /var/www/html/WebRoot/app/protected/controllers/SiteController.php(30): SiteController->render()
#10 /var/www/html/WebRoot/vendor/yiisoft/yii/framework/web/actions/CInlineAction.php(49): SiteController->actionIndex()
#11 /var/www/html/WebRoot/vendor/yiisoft/yii/framework/web/CController.php(308): CInlineAction->runWithParams()
#12 /var/www/html/WebRoot/vendor/yiisoft/yii/framework/web/CController.php(286): SiteController->runAction()
#13 /var/www/html/WebRoot/vendor/yiisoft/yii/framework/web/CController.php(265): SiteController->runActionWithFilters()
#14 /var/www/html/WebRoot/vendor/yiisoft/yii/framework/web/CWebApplication.php(282): SiteController->run()
#15 /var/www/html/WebRoot/vendor/yiisoft/yii/framework/web/CWebApplication.php(141): CWebApplication->runController()
#16 /var/www/html/WebRoot/vendor/yiisoft/yii/framework/base/CApplication.php(185): CWebApplication->processRequest()
#17 /var/www/html/WebRoot/app/index.php(13): CWebApplication->run()
REQUEST_URI=/index.php
in /var/www/html/WebRoot/app/protected/views/layouts/main.php (27)
in /var/www/html/WebRoot/app/protected/views/layouts/column1.php (6)
in /var/www/html/WebRoot/app/protected/controllers/SiteController.php (30)
2025/02/05 18:10:07 [error] [exception.CHttpException.404] CHttpException: The system is unable to find the requested action "about". in /var/www/html/WebRoot/vendor/yiisoft/yii/framework/web/CController.php:486
Stack trace:
#0 /var/www/html/WebRoot/vendor/yiisoft/yii/framework/web/CController.php(270): CController->missingAction('about')
#1 /var/www/html/WebRoot/vendor/yiisoft/yii/framework/web/CWebApplication.php(282): CController->run('about')
#2 /var/www/html/WebRoot/vendor/yiisoft/yii/framework/web/CWebApplication.php(141): CWebApplication->runController('site/about')
#3 /var/www/html/WebRoot/vendor/yiisoft/yii/framework/base/CApplication.php(185): CWebApplication->processRequest()
#4 /var/www/html/WebRoot/app/index.php(13): CApplication->run()
#5 {main}
REQUEST_URI=/index.php?r=site/about
HTTP_REFERER=http://localhost:9000/index.php?r=site/index
---
2025/02/05 18:11:06 [error] [exception.CHttpException.404] CHttpException: The requested view "index" was not found. in /var/www/html/WebRoot/vendor/yiisoft/yii/framework/web/actions/CViewAction.php:112
Stack trace:
#0 /var/www/html/WebRoot/vendor/yiisoft/yii/framework/web/actions/CViewAction.php(123): CViewAction->resolveView('index')
#1 /var/www/html/WebRoot/vendor/yiisoft/yii/framework/web/actions/CAction.php(76): CViewAction->run()
#2 /var/www/html/WebRoot/vendor/yiisoft/yii/framework/web/CController.php(308): CAction->runWithParams(Array)
#3 /var/www/html/WebRoot/vendor/yiisoft/yii/framework/web/CController.php(286): CController->runAction(Object(CViewAction))
#4 /var/www/html/WebRoot/vendor/yiisoft/yii/framework/web/CController.php(265): CController->runActionWithFilters(Object(CViewAction), Array)
#5 /var/www/html/WebRoot/vendor/yiisoft/yii/framework/web/CWebApplication.php(282): CController->run('page')
#6 /var/www/html/WebRoot/vendor/yiisoft/yii/framework/web/CWebApplication.php(141): CWebApplication->runController('site/page/about')
#7 /var/www/html/WebRoot/vendor/yiisoft/yii/framework/base/CApplication.php(185): CWebApplication->processRequest()
#8 /var/www/html/WebRoot/app/index.php(13): CApplication->run()
#9 {main}
REQUEST_URI=/index.php?r=site/page/about
HTTP_REFERER=http://localhost:9000/index.php?r=site/index
---
2025/02/05 18:12:01 [error] [php] trim() expects parameter 1 to be string, array given (/var/www/html/WebRoot/vendor/yiisoft/yii/framework/web/CUrlManager.php:297)
Stack trace:
#0 /var/www/html/WebRoot/app/protected/views/layouts/main.php(28): CWebApplication->createUrl()
#1 /var/www/html/WebRoot/vendor/yiisoft/yii/framework/web/CBaseController.php(126): require()
#2 /var/www/html/WebRoot/vendor/yiisoft/yii/framework/web/CBaseController.php(95): SiteController->renderInternal()
#3 /var/www/html/WebRoot/vendor/yiisoft/yii/framework/web/widgets/CContentDecorator.php(76): SiteController->renderFile()
#4 /var/www/html/WebRoot/vendor/yiisoft/yii/framework/web/widgets/CContentDecorator.php(54): CContentDecorator->decorate()
#5 /var/www/html/WebRoot/vendor/yiisoft/yii/framework/web/widgets/COutputProcessor.php(44): CContentDecorator->processOutput()
#6 /var/www/html/WebRoot/vendor/yiisoft/yii/framework/web/CBaseController.php(215): CContentDecorator->run()
#7 /var/www/html/WebRoot/vendor/yiisoft/yii/framework/web/CBaseController.php(309): SiteController->endWidget()
#8 /var/www/html/WebRoot/app/protected/views/layouts/column1.php(6): SiteController->endContent()
#9 /var/www/html/WebRoot/vendor/yiisoft/yii/framework/web/CBaseController.php(126): require()
#10 /var/www/html/WebRoot/vendor/yiisoft/yii/framework/web/CBaseController.php(95): SiteController->renderInternal()
#11 /var/www/html/WebRoot/vendor/yiisoft/yii/framework/web/CController.php(787): SiteController->renderFile()
#12 /var/www/html/WebRoot/vendor/yiisoft/yii/framework/web/actions/CViewAction.php(140): SiteController->render()
#13 /var/www/html/WebRoot/vendor/yiisoft/yii/framework/web/actions/CAction.php(76): CViewAction->run()
#14 /var/www/html/WebRoot/vendor/yiisoft/yii/framework/web/CController.php(308): CViewAction->runWithParams()
#15 /var/www/html/WebRoot/vendor/yiisoft/yii/framework/web/CController.php(286): SiteController->runAction()
#16 /var/www/html/WebRoot/vendor/yiisoft/yii/framework/web/CController.php(265): SiteController->runActionWithFilters()
#17 /var/www/html/WebRoot/vendor/yiisoft/yii/framework/web/CWebApplication.php(282): SiteController->run()
#18 /var/www/html/WebRoot/vendor/yiisoft/yii/framework/web/CWebApplication.php(141): CWebApplication->runController()
#19 /var/www/html/WebRoot/vendor/yiisoft/yii/framework/base/CApplication.php(185): CWebApplication->processRequest()
#20 /var/www/html/WebRoot/app/index.php(13): CWebApplication->run()
REQUEST_URI=/index.php?r=site/page&view=about
in /var/www/html/WebRoot/app/protected/views/layouts/main.php (28)
in /var/www/html/WebRoot/app/protected/views/layouts/column1.php (6)
in /var/www/html/WebRoot/app/index.php (13)
